// Jest Snapshot v1, https://goo.gl/fbAQLP

exports[`renders correctly 1`] = `
<ul>
  <li>
    allLocations
     - 
    6
  </li>
  <li>
    allFlights
     - 
    3
  </li>
  <li>
    allWhatever
     - 
    2
  </li>
</ul>
`;
