// Jest Snapshot v1, https://goo.gl/fbAQLP

exports[`renders children 1`] = `
<div
  style={
    Object {
      "display": "flex",
      "flexDirection": "row",
    }
  }
>
  <div>
    Hello!
  </div>
</div>
`;
