// Jest Snapshot v1, https://goo.gl/fbAQLP

exports[`renders correctly 1`] = `
<dl
  style={
    Object {
      "fontFamily": "sans-serif",
    }
  }
>
  <dt>
    Duration
  </dt>
  <dd>
    0
     ms
  </dd>
</dl>
`;
